// Jest Snapshot v1, https://goo.gl/fbAQLP

exports[`<ButtonGroup /> should match the snapshot 1`] = `"<div class=\\"ButtonGroup\\"><button name=\\"Classic\\">Classic</button></div>"`;

exports[`<ButtonGroup /> should match the snapshot 2`] = `"<div class=\\"ButtonGroup\\"><button name=\\"Classic\\">Classic</button><button name=\\"Loom\\">Loom</button></div>"`;
